C51 COMPILER V9.54   MAIN                                                                  01/08/2023 17:32:14 PAGE 1   


C51 COMPILER V9.54, COMPILATION OF MODULE MAIN
OBJECT MODULE PLACED IN .\Objects\main.obj
COMPILER INVOKED BY: E:\keil5\C51\BIN\C51.EXE main.c OPTIMIZE(8,SPEED) BROWSE DEBUG OBJECTEXTEND PRINT(.\Listings\main.l
                    -st) OBJECT(.\Objects\main.obj)

line level    source

   1          #include <REGX52.H>
   2          
   3          void main()
   4          {
   5   1      //      P2=0XFE;
   6   1              P2_0=0;
   7   1              P2_0=1;
   8   1              while(1) 
   9   1              {
  10   2                      if(P3_1==0 && P3_0==0) // 独立按键k1按下时。单片机上电时默认高电平，按下变成低电平
  11   2                      {
  12   3                              P2_0=0; // led亮
  13   3                      } else 
  14   2                      {
  15   3                              P2_0=1;
  16   3                      }
  17   2              }
  18   1      }


MODULE INFORMATION:   STATIC OVERLAYABLE
   CODE SIZE        =     18    ----
   CONSTANT SIZE    =   ----    ----
   XDATA SIZE       =   ----    ----
   PDATA SIZE       =   ----    ----
   DATA SIZE        =   ----    ----
   IDATA SIZE       =   ----    ----
   BIT SIZE         =   ----    ----
END OF MODULE INFORMATION.


C51 COMPILATION COMPLETE.  0 WARNING(S),  0 ERROR(S)
